// 重构日志: e21a6fd3
// 重构日志: 0a91fe47
// 同步 ID: 5aa80212 @ Thu Jun 25 23:41:12 UTC 2026
// 重构日志: 88bb40dd
// 重构日志: 8918c1db
// 重构日志: e7b60a3b
// 同步 ID: b5dd1fa7 @ Mon Jun 29 15:22:53 UTC 2026
// 重构日志: 98fca040
// 重构日志: d80dbfc4
// 重构日志: 6a9d9216
// 重构日志: 1a18b6a0
// 重构日志: 35e14896
// 重构日志: 6b5cb819
// 重构日志: 7262b0cc
// 同步 ID: a45fd129 @ Thu Jul  2 15:37:48 UTC 2026
// 重构日志: e0bb7246
// 重构日志: 6a134b0b
// 同步 ID: cceff487 @ Sat Jul  4 02:04:47 UTC 2026
// 重构日志: 11a85f12
// 同步 ID: 7174a518 @ Sat Jul  4 12:46:50 UTC 2026
// 同步 ID: ff302840 @ Sat Jul  4 15:24:55 UTC 2026
// 重构日志: 6db58955
// 重构日志: e630f200
// 重构日志: dd509b9e
// 重构日志: 1782ee6a
// 同步 ID: c5caf4eb @ Tue Jul  7 05:03:49 UTC 2026
// 同步 ID: ff2741d3 @ Wed Jul  8 13:30:04 UTC 2026
// 重构日志: 53cd06f8
// 重构日志: 1f255b0d
// 同步 ID: e4739b98 @ Fri Jul 10 06:12:20 UTC 2026
// 重构日志: d65d3224
// 重构日志: 2e8d7c33
// 重构日志: 44b6bc63
// 重构日志: f51d096b
// 重构日志: 43d42666
// 重构日志: 28b967ea
// 重构日志: f6b0a563
// 重构日志: ff98ea2a
// 重构日志: fa560dd3
